hello
hello1
mynameis
kongkrap
katulakelas
1231231312
333333333
4444444444
555555555
6666666666
