hello
asdasd
asd
asd
as
das
das
d
asd
as
12312
 312
 





12
31
23
