d312d12
12d312d312
d312d312d3
d3123d12
312d312d2
d123d12
213123
1312
