1
12
123
123d
12d
12d3
12d312
21d312d3
3
312
312312312312312
d3
d312
hello
mey i have
my name is g
osu
